// Jest Snapshot v1, https://goo.gl/fbAQLP

exports[`Month should render out of range content 1`] = `
<View
  style={
    Array [
      Object {
        "alignItems": "center",
        "height": 260,
        "justifyContent": "center",
      },
      undefined,
    ]
  }
>
  <Text
    allowFontScaling={false}
    style={
      Array [
        Object {
          "fontSize": 25,
          "fontWeight": "300",
        },
        undefined,
      ]
    }
  >
    April
  </Text>
</View>
`;
